2026-02-16 21:27:25,999 - __main__ - [32mINFO[0m - ================================================================================
2026-02-16 21:27:25,999 - __main__ - [32mINFO[0m - OCR RECEIPT ANALYSIS SYSTEM - DEMO MODE
2026-02-16 21:27:26,001 - __main__ - [32mINFO[0m - ================================================================================
2026-02-16 21:27:26,002 - __main__ - [32mINFO[0m - 
[1/3] Testing Comparison Chart Generation...
2026-02-16 21:27:30,588 - matplotlib.font_manager - [32mINFO[0m - generated new fontManager
2026-02-16 21:27:37,197 - __main__ - [32mINFO[0m - 
[2/3] Testing Receipt Parser...
2026-02-16 21:27:37,238 - __main__ - [32mINFO[0m -   Store: WALMART
2026-02-16 21:27:37,239 - __main__ - [32mINFO[0m -   Date: 2024-01-15
2026-02-16 21:27:37,239 - __main__ - [32mINFO[0m -   Total: $6.49
2026-02-16 21:27:37,239 - __main__ - [32mINFO[0m -   Items: 5
2026-02-16 21:27:37,244 - __main__ - [32mINFO[0m - 
[3/3] Testing Data Models...
2026-02-16 21:27:37,244 - __main__ - [32mINFO[0m -   Created receipt: Test Store
2026-02-16 21:27:37,244 - __main__ - [32mINFO[0m -   Type: grocery
2026-02-16 21:27:37,247 - __main__ - [32mINFO[0m - 
================================================================================
2026-02-16 21:27:37,248 - __main__ - [32mINFO[0m - DEMO COMPLETED SUCCESSFULLY
2026-02-16 21:27:37,248 - __main__ - [32mINFO[0m - ================================================================================
2026-02-16 21:27:37,250 - __main__ - [32mINFO[0m -   • C:\Users\efebe\kaggle\output\comparison_before_after.png
